Archive member included because of file (symbol)

c:/users/mahmo/downloads/nti_rtos_course/sdk_win_64/sdk_win_64/winavr/bin/../lib/gcc/avr/4.3.3/avr5\libgcc.a(_divmodsi4.o)
                              ./LCD/LCD_prog.o (__divmodsi4)
c:/users/mahmo/downloads/nti_rtos_course/sdk_win_64/sdk_win_64/winavr/bin/../lib/gcc/avr/4.3.3/avr5\libgcc.a(_exit.o)
                              c:/users/mahmo/downloads/nti_rtos_course/sdk_win_64/sdk_win_64/winavr/bin/../lib/gcc/avr/4.3.3/../../../../avr/lib/avr5/crtm32.o (exit)
c:/users/mahmo/downloads/nti_rtos_course/sdk_win_64/sdk_win_64/winavr/bin/../lib/gcc/avr/4.3.3/avr5\libgcc.a(_copy_data.o)
                              ./FreeRTOS/tasks.o (__do_copy_data)
c:/users/mahmo/downloads/nti_rtos_course/sdk_win_64/sdk_win_64/winavr/bin/../lib/gcc/avr/4.3.3/avr5\libgcc.a(_clear_bss.o)
                              ./UART/UART_Prog.o (__do_clear_bss)
c:/users/mahmo/downloads/nti_rtos_course/sdk_win_64/sdk_win_64/winavr/bin/../lib/gcc/avr/4.3.3/avr5\libgcc.a(_fixunssfsi.o)
                              ./LCD/LCD_prog.o (__fixunssfsi)
c:/users/mahmo/downloads/nti_rtos_course/sdk_win_64/sdk_win_64/winavr/bin/../lib/gcc/avr/4.3.3/avr5\libgcc.a(_addsub_sf.o)
                              c:/users/mahmo/downloads/nti_rtos_course/sdk_win_64/sdk_win_64/winavr/bin/../lib/gcc/avr/4.3.3/avr5\libgcc.a(_fixunssfsi.o) (__subsf3)
c:/users/mahmo/downloads/nti_rtos_course/sdk_win_64/sdk_win_64/winavr/bin/../lib/gcc/avr/4.3.3/avr5\libgcc.a(_mul_sf.o)
                              ./LCD/LCD_prog.o (__mulsf3)
c:/users/mahmo/downloads/nti_rtos_course/sdk_win_64/sdk_win_64/winavr/bin/../lib/gcc/avr/4.3.3/avr5\libgcc.a(_gt_sf.o)
                              ./LCD/LCD_prog.o (__gtsf2)
c:/users/mahmo/downloads/nti_rtos_course/sdk_win_64/sdk_win_64/winavr/bin/../lib/gcc/avr/4.3.3/avr5\libgcc.a(_ge_sf.o)
                              c:/users/mahmo/downloads/nti_rtos_course/sdk_win_64/sdk_win_64/winavr/bin/../lib/gcc/avr/4.3.3/avr5\libgcc.a(_fixunssfsi.o) (__gesf2)
c:/users/mahmo/downloads/nti_rtos_course/sdk_win_64/sdk_win_64/winavr/bin/../lib/gcc/avr/4.3.3/avr5\libgcc.a(_lt_sf.o)
                              ./LCD/LCD_prog.o (__ltsf2)
c:/users/mahmo/downloads/nti_rtos_course/sdk_win_64/sdk_win_64/winavr/bin/../lib/gcc/avr/4.3.3/avr5\libgcc.a(_sf_to_si.o)
                              c:/users/mahmo/downloads/nti_rtos_course/sdk_win_64/sdk_win_64/winavr/bin/../lib/gcc/avr/4.3.3/avr5\libgcc.a(_fixunssfsi.o) (__fixsfsi)
c:/users/mahmo/downloads/nti_rtos_course/sdk_win_64/sdk_win_64/winavr/bin/../lib/gcc/avr/4.3.3/avr5\libgcc.a(_thenan_sf.o)
                              c:/users/mahmo/downloads/nti_rtos_course/sdk_win_64/sdk_win_64/winavr/bin/../lib/gcc/avr/4.3.3/avr5\libgcc.a(_addsub_sf.o) (__thenan_sf)
c:/users/mahmo/downloads/nti_rtos_course/sdk_win_64/sdk_win_64/winavr/bin/../lib/gcc/avr/4.3.3/avr5\libgcc.a(_udivmodsi4.o)
                              c:/users/mahmo/downloads/nti_rtos_course/sdk_win_64/sdk_win_64/winavr/bin/../lib/gcc/avr/4.3.3/avr5\libgcc.a(_divmodsi4.o) (__udivmodsi4)
c:/users/mahmo/downloads/nti_rtos_course/sdk_win_64/sdk_win_64/winavr/bin/../lib/gcc/avr/4.3.3/avr5\libgcc.a(_prologue.o)
                              c:/users/mahmo/downloads/nti_rtos_course/sdk_win_64/sdk_win_64/winavr/bin/../lib/gcc/avr/4.3.3/avr5\libgcc.a(_addsub_sf.o) (__prologue_saves__)
c:/users/mahmo/downloads/nti_rtos_course/sdk_win_64/sdk_win_64/winavr/bin/../lib/gcc/avr/4.3.3/avr5\libgcc.a(_epilogue.o)
                              c:/users/mahmo/downloads/nti_rtos_course/sdk_win_64/sdk_win_64/winavr/bin/../lib/gcc/avr/4.3.3/avr5\libgcc.a(_addsub_sf.o) (__epilogue_restores__)
c:/users/mahmo/downloads/nti_rtos_course/sdk_win_64/sdk_win_64/winavr/bin/../lib/gcc/avr/4.3.3/avr5\libgcc.a(_pack_sf.o)
                              c:/users/mahmo/downloads/nti_rtos_course/sdk_win_64/sdk_win_64/winavr/bin/../lib/gcc/avr/4.3.3/avr5\libgcc.a(_addsub_sf.o) (__pack_f)
c:/users/mahmo/downloads/nti_rtos_course/sdk_win_64/sdk_win_64/winavr/bin/../lib/gcc/avr/4.3.3/avr5\libgcc.a(_unpack_sf.o)
                              c:/users/mahmo/downloads/nti_rtos_course/sdk_win_64/sdk_win_64/winavr/bin/../lib/gcc/avr/4.3.3/avr5\libgcc.a(_addsub_sf.o) (__unpack_f)
c:/users/mahmo/downloads/nti_rtos_course/sdk_win_64/sdk_win_64/winavr/bin/../lib/gcc/avr/4.3.3/avr5\libgcc.a(_fpcmp_parts_sf.o)
                              c:/users/mahmo/downloads/nti_rtos_course/sdk_win_64/sdk_win_64/winavr/bin/../lib/gcc/avr/4.3.3/avr5\libgcc.a(_gt_sf.o) (__fpcmp_parts_f)
c:/users/mahmo/downloads/nti_rtos_course/sdk_win_64/sdk_win_64/winavr/bin/../lib/gcc/avr/4.3.3/../../../../avr/lib/avr5\libc.a(memcpy.o)
                              ./FreeRTOS/queue.o (memcpy)
c:/users/mahmo/downloads/nti_rtos_course/sdk_win_64/sdk_win_64/winavr/bin/../lib/gcc/avr/4.3.3/../../../../avr/lib/avr5\libc.a(memset.o)
                              ./FreeRTOS/tasks.o (memset)
c:/users/mahmo/downloads/nti_rtos_course/sdk_win_64/sdk_win_64/winavr/bin/../lib/gcc/avr/4.3.3/../../../../avr/lib/avr5\libc.a(strncpy.o)
                              ./FreeRTOS/tasks.o (strncpy)

Allocating common symbols
Common symbol       size              file

UART_LCD_Handler    0x2               ./main.o
ISR_UART_Handler    0x2               ./main.o

Memory Configuration

Name             Origin             Length             Attributes
text             0x00000000         0x00020000         xr
data             0x00800060         0x0000ffa0         rw !x
eeprom           0x00810000         0x00010000         rw !x
fuse             0x00820000         0x00000400         rw !x
lock             0x00830000         0x00000400         rw !x
signature        0x00840000         0x00000400         rw !x
*default*        0x00000000         0xffffffff

Linker script and memory map

LOAD c:/users/mahmo/downloads/nti_rtos_course/sdk_win_64/sdk_win_64/winavr/bin/../lib/gcc/avr/4.3.3/../../../../avr/lib/avr5/crtm32.o
LOAD ./UART/UART_Prog.o
LOAD ./LCD/LCD_prog.o
LOAD ./GIE/GIE_prog.o
LOAD ./FreeRTOS/croutine.o
LOAD ./FreeRTOS/heap_1.o
LOAD ./FreeRTOS/list.o
LOAD ./FreeRTOS/port.o
LOAD ./FreeRTOS/queue.o
LOAD ./FreeRTOS/tasks.o
LOAD ./FreeRTOS/timers.o
LOAD ./DIO/DIO_prog.o
LOAD ./main.o
LOAD c:/users/mahmo/downloads/nti_rtos_course/sdk_win_64/sdk_win_64/winavr/bin/../lib/gcc/avr/4.3.3/avr5\libgcc.a
LOAD c:/users/mahmo/downloads/nti_rtos_course/sdk_win_64/sdk_win_64/winavr/bin/../lib/gcc/avr/4.3.3/../../../../avr/lib/avr5\libc.a
LOAD c:/users/mahmo/downloads/nti_rtos_course/sdk_win_64/sdk_win_64/winavr/bin/../lib/gcc/avr/4.3.3/avr5\libgcc.a

.hash
 *(.hash)

.dynsym
 *(.dynsym)

.dynstr
 *(.dynstr)

.gnu.version
 *(.gnu.version)

.gnu.version_d
 *(.gnu.version_d)

.gnu.version_r
 *(.gnu.version_r)

.rel.init
 *(.rel.init)

.rela.init
 *(.rela.init)

.rel.text
 *(.rel.text)
 *(.rel.text.*)
 *(.rel.gnu.linkonce.t*)

.rela.text
 *(.rela.text)
 *(.rela.text.*)
 *(.rela.gnu.linkonce.t*)

.rel.fini
 *(.rel.fini)

.rela.fini
 *(.rela.fini)

.rel.rodata
 *(.rel.rodata)
 *(.rel.rodata.*)
 *(.rel.gnu.linkonce.r*)

.rela.rodata
 *(.rela.rodata)
 *(.rela.rodata.*)
 *(.rela.gnu.linkonce.r*)

.rel.data
 *(.rel.data)
 *(.rel.data.*)
 *(.rel.gnu.linkonce.d*)

.rela.data
 *(.rela.data)
 *(.rela.data.*)
 *(.rela.gnu.linkonce.d*)

.rel.ctors
 *(.rel.ctors)

.rela.ctors
 *(.rela.ctors)

.rel.dtors
 *(.rel.dtors)

.rela.dtors
 *(.rela.dtors)

.rel.got
 *(.rel.got)

.rela.got
 *(.rela.got)

.rel.bss
 *(.rel.bss)

.rela.bss
 *(.rela.bss)

.rel.plt
 *(.rel.plt)

.rela.plt
 *(.rela.plt)

.text           0x00000000     0x4990
 *(.vectors)
 .vectors       0x00000000       0x54 c:/users/mahmo/downloads/nti_rtos_course/sdk_win_64/sdk_win_64/winavr/bin/../lib/gcc/avr/4.3.3/../../../../avr/lib/avr5/crtm32.o
                0x00000000                __vectors
                0x00000000                __vector_default
 *(.vectors)
 *(.progmem.gcc*)
 *(.progmem*)
                0x00000054                . = ALIGN (0x2)
                0x00000054                __trampolines_start = .
 *(.trampolines)
 .trampolines   0x00000054        0x0 linker stubs
 *(.trampolines*)
                0x00000054                __trampolines_end = .
 *(.jumptables)
 *(.jumptables*)
 *(.lowtext)
 *(.lowtext*)
                0x00000054                __ctors_start = .
 *(.ctors)
                0x00000054                __ctors_end = .
                0x00000054                __dtors_start = .
 *(.dtors)
                0x00000054                __dtors_end = .
 SORT(*)(.ctors)
 SORT(*)(.dtors)
 *(.init0)
 .init0         0x00000054        0x0 c:/users/mahmo/downloads/nti_rtos_course/sdk_win_64/sdk_win_64/winavr/bin/../lib/gcc/avr/4.3.3/../../../../avr/lib/avr5/crtm32.o
                0x00000054                __init
 *(.init0)
 *(.init1)
 *(.init1)
 *(.init2)
 .init2         0x00000054        0xc c:/users/mahmo/downloads/nti_rtos_course/sdk_win_64/sdk_win_64/winavr/bin/../lib/gcc/avr/4.3.3/../../../../avr/lib/avr5/crtm32.o
 *(.init2)
 *(.init3)
 *(.init3)
 *(.init4)
 .init4         0x00000060       0x16 c:/users/mahmo/downloads/nti_rtos_course/sdk_win_64/sdk_win_64/winavr/bin/../lib/gcc/avr/4.3.3/avr5\libgcc.a(_copy_data.o)
                0x00000060                __do_copy_data
 .init4         0x00000076       0x10 c:/users/mahmo/downloads/nti_rtos_course/sdk_win_64/sdk_win_64/winavr/bin/../lib/gcc/avr/4.3.3/avr5\libgcc.a(_clear_bss.o)
                0x00000076                __do_clear_bss
 *(.init4)
 *(.init5)
 *(.init5)
 *(.init6)
 *(.init6)
 *(.init7)
 *(.init7)
 *(.init8)
 *(.init8)
 *(.init9)
 .init9         0x00000086        0x8 c:/users/mahmo/downloads/nti_rtos_course/sdk_win_64/sdk_win_64/winavr/bin/../lib/gcc/avr/4.3.3/../../../../avr/lib/avr5/crtm32.o
 *(.init9)
 *(.text)
 .text          0x0000008e        0x4 c:/users/mahmo/downloads/nti_rtos_course/sdk_win_64/sdk_win_64/winavr/bin/../lib/gcc/avr/4.3.3/../../../../avr/lib/avr5/crtm32.o
                0x0000008e                __vector_1
                0x0000008e                __vector_12
                0x0000008e                __bad_interrupt
                0x0000008e                __vector_6
                0x0000008e                __vector_3
                0x0000008e                __vector_11
                0x0000008e                __vector_17
                0x0000008e                __vector_19
                0x0000008e                __vector_5
                0x0000008e                __vector_4
                0x0000008e                __vector_9
                0x0000008e                __vector_2
                0x0000008e                __vector_15
                0x0000008e                __vector_8
                0x0000008e                __vector_14
                0x0000008e                __vector_10
                0x0000008e                __vector_16
                0x0000008e                __vector_18
                0x0000008e                __vector_20
 .text          0x00000092        0x0 ./UART/UART_Prog.o
 .text          0x00000092        0x0 ./LCD/LCD_prog.o
 .text          0x00000092        0x0 ./GIE/GIE_prog.o
 .text          0x00000092        0x0 ./FreeRTOS/croutine.o
 .text          0x00000092        0x0 ./FreeRTOS/heap_1.o
 .text          0x00000092        0x0 ./FreeRTOS/list.o
 .text          0x00000092        0x0 ./FreeRTOS/port.o
 .text          0x00000092        0x0 ./FreeRTOS/queue.o
 .text          0x00000092        0x0 ./FreeRTOS/tasks.o
 .text          0x00000092        0x0 ./FreeRTOS/timers.o
 .text          0x00000092        0x0 ./DIO/DIO_prog.o
 .text          0x00000092        0x0 ./main.o
 .text          0x00000092        0x0 c:/users/mahmo/downloads/nti_rtos_course/sdk_win_64/sdk_win_64/winavr/bin/../lib/gcc/avr/4.3.3/avr5\libgcc.a(_divmodsi4.o)
 .text          0x00000092        0x0 c:/users/mahmo/downloads/nti_rtos_course/sdk_win_64/sdk_win_64/winavr/bin/../lib/gcc/avr/4.3.3/avr5\libgcc.a(_exit.o)
 .text          0x00000092        0x0 c:/users/mahmo/downloads/nti_rtos_course/sdk_win_64/sdk_win_64/winavr/bin/../lib/gcc/avr/4.3.3/avr5\libgcc.a(_copy_data.o)
 .text          0x00000092        0x0 c:/users/mahmo/downloads/nti_rtos_course/sdk_win_64/sdk_win_64/winavr/bin/../lib/gcc/avr/4.3.3/avr5\libgcc.a(_clear_bss.o)
 .text          0x00000092       0x58 c:/users/mahmo/downloads/nti_rtos_course/sdk_win_64/sdk_win_64/winavr/bin/../lib/gcc/avr/4.3.3/avr5\libgcc.a(_fixunssfsi.o)
                0x00000092                __fixunssfsi
 .text          0x000000ea      0x354 c:/users/mahmo/downloads/nti_rtos_course/sdk_win_64/sdk_win_64/winavr/bin/../lib/gcc/avr/4.3.3/avr5\libgcc.a(_addsub_sf.o)
                0x00000382                __subsf3
                0x000003e4                __addsf3
 .text          0x0000043e      0x1f4 c:/users/mahmo/downloads/nti_rtos_course/sdk_win_64/sdk_win_64/winavr/bin/../lib/gcc/avr/4.3.3/avr5\libgcc.a(_mul_sf.o)
                0x0000043e                __mulsf3
 .text          0x00000632       0x60 c:/users/mahmo/downloads/nti_rtos_course/sdk_win_64/sdk_win_64/winavr/bin/../lib/gcc/avr/4.3.3/avr5\libgcc.a(_gt_sf.o)
                0x00000632                __gtsf2
 .text          0x00000692       0x60 c:/users/mahmo/downloads/nti_rtos_course/sdk_win_64/sdk_win_64/winavr/bin/../lib/gcc/avr/4.3.3/avr5\libgcc.a(_ge_sf.o)
                0x00000692                __gesf2
 .text          0x000006f2       0x60 c:/users/mahmo/downloads/nti_rtos_course/sdk_win_64/sdk_win_64/winavr/bin/../lib/gcc/avr/4.3.3/avr5\libgcc.a(_lt_sf.o)
                0x000006f2                __ltsf2
 .text          0x00000752       0xa8 c:/users/mahmo/downloads/nti_rtos_course/sdk_win_64/sdk_win_64/winavr/bin/../lib/gcc/avr/4.3.3/avr5\libgcc.a(_sf_to_si.o)
                0x00000752                __fixsfsi
 .text          0x000007fa        0x0 c:/users/mahmo/downloads/nti_rtos_course/sdk_win_64/sdk_win_64/winavr/bin/../lib/gcc/avr/4.3.3/avr5\libgcc.a(_thenan_sf.o)
 .text          0x000007fa        0x0 c:/users/mahmo/downloads/nti_rtos_course/sdk_win_64/sdk_win_64/winavr/bin/../lib/gcc/avr/4.3.3/avr5\libgcc.a(_udivmodsi4.o)
 .text          0x000007fa        0x0 c:/users/mahmo/downloads/nti_rtos_course/sdk_win_64/sdk_win_64/winavr/bin/../lib/gcc/avr/4.3.3/avr5\libgcc.a(_prologue.o)
 .text          0x000007fa        0x0 c:/users/mahmo/downloads/nti_rtos_course/sdk_win_64/sdk_win_64/winavr/bin/../lib/gcc/avr/4.3.3/avr5\libgcc.a(_epilogue.o)
 .text          0x000007fa      0x1aa c:/users/mahmo/downloads/nti_rtos_course/sdk_win_64/sdk_win_64/winavr/bin/../lib/gcc/avr/4.3.3/avr5\libgcc.a(_pack_sf.o)
                0x000007fa                __pack_f
 .text          0x000009a4       0xf0 c:/users/mahmo/downloads/nti_rtos_course/sdk_win_64/sdk_win_64/winavr/bin/../lib/gcc/avr/4.3.3/avr5\libgcc.a(_unpack_sf.o)
                0x000009a4                __unpack_f
 .text          0x00000a94       0xb2 c:/users/mahmo/downloads/nti_rtos_course/sdk_win_64/sdk_win_64/winavr/bin/../lib/gcc/avr/4.3.3/avr5\libgcc.a(_fpcmp_parts_sf.o)
                0x00000a94                __fpcmp_parts_f
 .text          0x00000b46        0x0 c:/users/mahmo/downloads/nti_rtos_course/sdk_win_64/sdk_win_64/winavr/bin/../lib/gcc/avr/4.3.3/../../../../avr/lib/avr5\libc.a(memcpy.o)
 .text          0x00000b46        0x0 c:/users/mahmo/downloads/nti_rtos_course/sdk_win_64/sdk_win_64/winavr/bin/../lib/gcc/avr/4.3.3/../../../../avr/lib/avr5\libc.a(memset.o)
 .text          0x00000b46        0x0 c:/users/mahmo/downloads/nti_rtos_course/sdk_win_64/sdk_win_64/winavr/bin/../lib/gcc/avr/4.3.3/../../../../avr/lib/avr5\libc.a(strncpy.o)
                0x00000b46                . = ALIGN (0x2)
 *(.text.*)
 .text.UART_Init
                0x00000b46       0xcc ./UART/UART_Prog.o
                0x00000b46                UART_Init
 .text.UART_Send
                0x00000c12       0x34 ./UART/UART_Prog.o
                0x00000c12                UART_Send
 .text.UART_Receive
                0x00000c46       0x14 ./UART/UART_Prog.o
                0x00000c46                UART_Receive
 .text.UART_Callback
                0x00000c5a       0x24 ./UART/UART_Prog.o
                0x00000c5a                UART_Callback
 .text.__vector_13
                0x00000c7e       0x5a ./UART/UART_Prog.o
                0x00000c7e                __vector_13
 .text.LCD_enuInit
                0x00000cd8      0x398 ./LCD/LCD_prog.o
                0x00000cd8                LCD_enuInit
 .text.LCD_enuWriteData
                0x00001070       0x2a ./LCD/LCD_prog.o
                0x00001070                LCD_enuWriteData
 .text.LCD_enuWriteCommand
                0x0000109a       0x2a ./LCD/LCD_prog.o
                0x0000109a                LCD_enuWriteCommand
 .text.LCD_enuWriteString
                0x000010c4       0x5a ./LCD/LCD_prog.o
                0x000010c4                LCD_enuWriteString
 .text.LCD_enuWriteIntegerNum
                0x0000111e      0x146 ./LCD/LCD_prog.o
                0x0000111e                LCD_enuWriteIntegerNum
 .text.LCD_enuGoToPosition
                0x00001264       0x6e ./LCD/LCD_prog.o
                0x00001264                LCD_enuGoToPosition
 .text.LCD_enuWriteNLatch
                0x000012d2      0x49a ./LCD/LCD_prog.o
 .text.GIE_enuInit
                0x0000176c       0x12 ./GIE/GIE_prog.o
                0x0000176c                GIE_enuInit
 .text.GIE_enuEnable
                0x0000177e       0x12 ./GIE/GIE_prog.o
                0x0000177e                GIE_enuEnable
 .text.GIE_enuDisable
                0x00001790       0x12 ./GIE/GIE_prog.o
                0x00001790                GIE_enuDisable
 .text.xCoRoutineCreate
                0x000017a2      0x128 ./FreeRTOS/croutine.o
                0x000017a2                xCoRoutineCreate
 .text.vCoRoutineAddToDelayedList
                0x000018ca       0xc2 ./FreeRTOS/croutine.o
                0x000018ca                vCoRoutineAddToDelayedList
 .text.prvCheckPendingReadyList
                0x0000198c       0x94 ./FreeRTOS/croutine.o
 .text.prvCheckDelayedList
                0x00001a20      0x15c ./FreeRTOS/croutine.o
 .text.vCoRoutineSchedule
                0x00001b7c       0xf4 ./FreeRTOS/croutine.o
                0x00001b7c                vCoRoutineSchedule
 .text.prvInitialiseCoRoutineLists
                0x00001c70       0x72 ./FreeRTOS/croutine.o
 .text.xCoRoutineRemoveFromEventList
                0x00001ce2       0x70 ./FreeRTOS/croutine.o
                0x00001ce2                xCoRoutineRemoveFromEventList
 .text.pvPortMalloc
                0x00001d52       0x8c ./FreeRTOS/heap_1.o
                0x00001d52                pvPortMalloc
 .text.vPortFree
                0x00001dde       0x18 ./FreeRTOS/heap_1.o
                0x00001dde                vPortFree
 .text.vPortInitialiseBlocks
                0x00001df6       0x16 ./FreeRTOS/heap_1.o
                0x00001df6                vPortInitialiseBlocks
 .text.xPortGetFreeHeapSize
                0x00001e0c       0x1e ./FreeRTOS/heap_1.o
                0x00001e0c                xPortGetFreeHeapSize
 .text.vListInitialise
                0x00001e2a       0x54 ./FreeRTOS/list.o
                0x00001e2a                vListInitialise
 .text.vListInitialiseItem
                0x00001e7e       0x20 ./FreeRTOS/list.o
                0x00001e7e                vListInitialiseItem
 .text.vListInsertEnd
                0x00001e9e       0x98 ./FreeRTOS/list.o
                0x00001e9e                vListInsertEnd
 .text.vListInsert
                0x00001f36       0xd8 ./FreeRTOS/list.o
                0x00001f36                vListInsert
 .text.vListRemove
                0x0000200e       0x92 ./FreeRTOS/list.o
                0x0000200e                vListRemove
 .text.pxPortInitialiseStack
                0x000020a0      0x306 ./FreeRTOS/port.o
                0x000020a0                pxPortInitialiseStack
 .text.xPortStartScheduler
                0x000023a6       0x6a ./FreeRTOS/port.o
                0x000023a6                xPortStartScheduler
 .text.vPortEndScheduler
                0x00002410        0xe ./FreeRTOS/port.o
                0x00002410                vPortEndScheduler
 .text.vPortYield
                0x0000241e       0xb2 ./FreeRTOS/port.o
                0x0000241e                vPortYield
 .text.vPortYieldFromTick
                0x000024d0       0xb6 ./FreeRTOS/port.o
                0x000024d0                vPortYieldFromTick
 .text.prvSetupTimerInterrupt
                0x00002586       0xb8 ./FreeRTOS/port.o
 .text.__vector_7
                0x0000263e        0x6 ./FreeRTOS/port.o
                0x0000263e                __vector_7
 .text.xQueueCreate
                0x00002644      0x152 ./FreeRTOS/queue.o
                0x00002644                xQueueCreate
 .text.xQueueCreateMutex
                0x00002796       0x96 ./FreeRTOS/queue.o
                0x00002796                xQueueCreateMutex
 .text.xQueueCreateCountingSemaphore
                0x0000282c       0x3e ./FreeRTOS/queue.o
                0x0000282c                xQueueCreateCountingSemaphore
 .text.xQueueGenericSend
                0x0000286a      0x13c ./FreeRTOS/queue.o
                0x0000286a                xQueueGenericSend
 .text.xQueueGenericSendFromISR
                0x000029a6       0x9a ./FreeRTOS/queue.o
                0x000029a6                xQueueGenericSendFromISR
 .text.xQueueGenericReceive
                0x00002a40      0x1ba ./FreeRTOS/queue.o
                0x00002a40                xQueueGenericReceive
 .text.xQueueReceiveFromISR
                0x00002bfa       0x9e ./FreeRTOS/queue.o
                0x00002bfa                xQueueReceiveFromISR
 .text.uxQueueMessagesWaiting
                0x00002c98       0x30 ./FreeRTOS/queue.o
                0x00002c98                uxQueueMessagesWaiting
 .text.uxQueueMessagesWaitingFromISR
                0x00002cc8       0x26 ./FreeRTOS/queue.o
                0x00002cc8                uxQueueMessagesWaitingFromISR
 .text.vQueueDelete
                0x00002cee       0x2c ./FreeRTOS/queue.o
                0x00002cee                vQueueDelete
 .text.prvCopyDataToQueue
                0x00002d1a      0x14c ./FreeRTOS/queue.o
 .text.prvCopyDataFromQueue
                0x00002e66       0x90 ./FreeRTOS/queue.o
 .text.prvUnlockQueue
                0x00002ef6       0xa8 ./FreeRTOS/queue.o
 .text.prvIsQueueEmpty
                0x00002f9e       0x38 ./FreeRTOS/queue.o
 .text.xQueueIsQueueEmptyFromISR
                0x00002fd6       0x2e ./FreeRTOS/queue.o
                0x00002fd6                xQueueIsQueueEmptyFromISR
 .text.prvIsQueueFull
                0x00003004       0x3e ./FreeRTOS/queue.o
 .text.xQueueIsQueueFullFromISR
                0x00003042       0x34 ./FreeRTOS/queue.o
                0x00003042                xQueueIsQueueFullFromISR
 .text.xTaskGenericCreate
                0x00003076      0x1da ./FreeRTOS/tasks.o
                0x00003076                xTaskGenericCreate
 .text.vTaskDelete
                0x00003250       0xc6 ./FreeRTOS/tasks.o
                0x00003250                vTaskDelete
 .text.vTaskDelayUntil
                0x00003316       0xe8 ./FreeRTOS/tasks.o
                0x00003316                vTaskDelayUntil
 .text.vTaskDelay
                0x000033fe       0x6a ./FreeRTOS/tasks.o
                0x000033fe                vTaskDelay
 .text.vTaskStartScheduler
                0x00003468       0x6e ./FreeRTOS/tasks.o
                0x00003468                vTaskStartScheduler
 .text.vTaskEndScheduler
                0x000034d6       0x18 ./FreeRTOS/tasks.o
                0x000034d6                vTaskEndScheduler
 .text.vTaskSuspendAll
                0x000034ee       0x18 ./FreeRTOS/tasks.o
                0x000034ee                vTaskSuspendAll
 .text.xTaskResumeAll
                0x00003506      0x114 ./FreeRTOS/tasks.o
                0x00003506                xTaskResumeAll
 .text.xTaskGetTickCount
                0x0000361a       0x2e ./FreeRTOS/tasks.o
                0x0000361a                xTaskGetTickCount
 .text.xTaskGetTickCountFromISR
                0x00003648       0x2a ./FreeRTOS/tasks.o
                0x00003648                xTaskGetTickCountFromISR
 .text.uxTaskGetNumberOfTasks
                0x00003672       0x12 ./FreeRTOS/tasks.o
                0x00003672                uxTaskGetNumberOfTasks
 .text.vTaskIncrementTick
                0x00003684      0x1aa ./FreeRTOS/tasks.o
                0x00003684                vTaskIncrementTick
 .text.vTaskSwitchContext
                0x0000382e       0xcc ./FreeRTOS/tasks.o
                0x0000382e                vTaskSwitchContext
 .text.vTaskPlaceOnEventList
                0x000038fa       0x6c ./FreeRTOS/tasks.o
                0x000038fa                vTaskPlaceOnEventList
 .text.xTaskRemoveFromEventList
                0x00003966       0xd0 ./FreeRTOS/tasks.o
                0x00003966                xTaskRemoveFromEventList
 .text.vTaskSetTimeOutState
                0x00003a36       0x32 ./FreeRTOS/tasks.o
                0x00003a36                vTaskSetTimeOutState
 .text.xTaskCheckForTimeOut
                0x00003a68       0xba ./FreeRTOS/tasks.o
                0x00003a68                xTaskCheckForTimeOut
 .text.vTaskMissedYield
                0x00003b22       0x14 ./FreeRTOS/tasks.o
                0x00003b22                vTaskMissedYield
 .text.prvIdleTask
                0x00003b36       0x14 ./FreeRTOS/tasks.o
 .text.prvInitialiseTCBVariables
                0x00003b4a       0xb6 ./FreeRTOS/tasks.o
 .text.prvInitialiseTaskLists
                0x00003c00       0x7a ./FreeRTOS/tasks.o
 .text.prvCheckTasksWaitingTermination
                0x00003c7a       0x7c ./FreeRTOS/tasks.o
 .text.prvAddCurrentTaskToDelayedList
                0x00003cf6       0x92 ./FreeRTOS/tasks.o
 .text.prvAllocateTCBAndStack
                0x00003d88       0xa0 ./FreeRTOS/tasks.o
 .text.prvDeleteTCB
                0x00003e28       0x2c ./FreeRTOS/tasks.o
 .text.xTaskGetCurrentTaskHandle
                0x00003e54       0x24 ./FreeRTOS/tasks.o
                0x00003e54                xTaskGetCurrentTaskHandle
 .text.vTaskPriorityInherit
                0x00003e78      0x100 ./FreeRTOS/tasks.o
                0x00003e78                vTaskPriorityInherit
 .text.vTaskPriorityDisinherit
                0x00003f78       0xbe ./FreeRTOS/tasks.o
                0x00003f78                vTaskPriorityDisinherit
 .text.DIO_enuInit
                0x00004036       0x26 ./DIO/DIO_prog.o
                0x00004036                DIO_enuInit
 .text.DIO_enuSetPinDirection
                0x0000405c      0x1d8 ./DIO/DIO_prog.o
                0x0000405c                DIO_enuSetPinDirection
 .text.DIO_enuSetPinValue
                0x00004234      0x1d8 ./DIO/DIO_prog.o
                0x00004234                DIO_enuSetPinValue
 .text.DIO_enuTogglePinValue
                0x0000440c      0x11c ./DIO/DIO_prog.o
                0x0000440c                DIO_enuTogglePinValue
 .text.DIO_enuGetPinValue
                0x00004528      0x13c ./DIO/DIO_prog.o
                0x00004528                DIO_enuGetPinValue
 .text.main     0x00004664       0xaa ./main.o
                0x00004664                main
 .text.UartRecieve
                0x0000470e       0x6e ./main.o
                0x0000470e                UartRecieve
 .text.UartNotificationISR
                0x0000477c       0x44 ./main.o
                0x0000477c                UartNotificationISR
 .text.LCD_Display
                0x000047c0       0xa6 ./main.o
                0x000047c0                LCD_Display
 .text.libgcc   0x00004866       0x36 c:/users/mahmo/downloads/nti_rtos_course/sdk_win_64/sdk_win_64/winavr/bin/../lib/gcc/avr/4.3.3/avr5\libgcc.a(_divmodsi4.o)
                0x00004866                __divmodsi4
 .text.libgcc   0x0000489c        0x0 c:/users/mahmo/downloads/nti_rtos_course/sdk_win_64/sdk_win_64/winavr/bin/../lib/gcc/avr/4.3.3/avr5\libgcc.a(_exit.o)
 .text.libgcc   0x0000489c        0x0 c:/users/mahmo/downloads/nti_rtos_course/sdk_win_64/sdk_win_64/winavr/bin/../lib/gcc/avr/4.3.3/avr5\libgcc.a(_copy_data.o)
 .text.libgcc   0x0000489c        0x0 c:/users/mahmo/downloads/nti_rtos_course/sdk_win_64/sdk_win_64/winavr/bin/../lib/gcc/avr/4.3.3/avr5\libgcc.a(_clear_bss.o)
 .text.libgcc   0x0000489c       0x44 c:/users/mahmo/downloads/nti_rtos_course/sdk_win_64/sdk_win_64/winavr/bin/../lib/gcc/avr/4.3.3/avr5\libgcc.a(_udivmodsi4.o)
                0x0000489c                __udivmodsi4
 .text.libgcc   0x000048e0       0x38 c:/users/mahmo/downloads/nti_rtos_course/sdk_win_64/sdk_win_64/winavr/bin/../lib/gcc/avr/4.3.3/avr5\libgcc.a(_prologue.o)
                0x000048e0                __prologue_saves__
 .text.libgcc   0x00004918       0x36 c:/users/mahmo/downloads/nti_rtos_course/sdk_win_64/sdk_win_64/winavr/bin/../lib/gcc/avr/4.3.3/avr5\libgcc.a(_epilogue.o)
                0x00004918                __epilogue_restores__
 .text.avr-libc
                0x0000494e       0x12 c:/users/mahmo/downloads/nti_rtos_course/sdk_win_64/sdk_win_64/winavr/bin/../lib/gcc/avr/4.3.3/../../../../avr/lib/avr5\libc.a(memcpy.o)
                0x0000494e                memcpy
 .text.avr-libc
                0x00004960        0xe c:/users/mahmo/downloads/nti_rtos_course/sdk_win_64/sdk_win_64/winavr/bin/../lib/gcc/avr/4.3.3/../../../../avr/lib/avr5\libc.a(memset.o)
                0x00004960                memset
 .text.avr-libc
                0x0000496e       0x1e c:/users/mahmo/downloads/nti_rtos_course/sdk_win_64/sdk_win_64/winavr/bin/../lib/gcc/avr/4.3.3/../../../../avr/lib/avr5\libc.a(strncpy.o)
                0x0000496e                strncpy
                0x0000498c                . = ALIGN (0x2)
 *(.fini9)
 .fini9         0x0000498c        0x0 c:/users/mahmo/downloads/nti_rtos_course/sdk_win_64/sdk_win_64/winavr/bin/../lib/gcc/avr/4.3.3/avr5\libgcc.a(_exit.o)
                0x0000498c                exit
                0x0000498c                _exit
 *(.fini9)
 *(.fini8)
 *(.fini8)
 *(.fini7)
 *(.fini7)
 *(.fini6)
 *(.fini6)
 *(.fini5)
 *(.fini5)
 *(.fini4)
 *(.fini4)
 *(.fini3)
 *(.fini3)
 *(.fini2)
 *(.fini2)
 *(.fini1)
 *(.fini1)
 *(.fini0)
 .fini0         0x0000498c        0x4 c:/users/mahmo/downloads/nti_rtos_course/sdk_win_64/sdk_win_64/winavr/bin/../lib/gcc/avr/4.3.3/avr5\libgcc.a(_exit.o)
 *(.fini0)
                0x00004990                _etext = .

.data           0x00800060       0x22 load address 0x00004990
                0x00800060                PROVIDE (__data_start, .)
 *(.data)
 .data          0x00800060        0x0 c:/users/mahmo/downloads/nti_rtos_course/sdk_win_64/sdk_win_64/winavr/bin/../lib/gcc/avr/4.3.3/../../../../avr/lib/avr5/crtm32.o
 .data          0x00800060        0x0 ./UART/UART_Prog.o
 .data          0x00800060        0x0 ./LCD/LCD_prog.o
 .data          0x00800060        0x0 ./GIE/GIE_prog.o
 .data          0x00800060        0x0 ./FreeRTOS/croutine.o
 .data          0x00800060        0x0 ./FreeRTOS/heap_1.o
 .data          0x00800060        0x0 ./FreeRTOS/list.o
 .data          0x00800060        0x0 ./FreeRTOS/port.o
 .data          0x00800060        0x0 ./FreeRTOS/queue.o
 .data          0x00800060        0x5 ./FreeRTOS/tasks.o
 .data          0x00800065        0x0 ./FreeRTOS/timers.o
 .data          0x00800065        0x0 ./DIO/DIO_prog.o
 .data          0x00800065       0x12 ./main.o
 .data          0x00800077        0x0 c:/users/mahmo/downloads/nti_rtos_course/sdk_win_64/sdk_win_64/winavr/bin/../lib/gcc/avr/4.3.3/avr5\libgcc.a(_divmodsi4.o)
 .data          0x00800077        0x0 c:/users/mahmo/downloads/nti_rtos_course/sdk_win_64/sdk_win_64/winavr/bin/../lib/gcc/avr/4.3.3/avr5\libgcc.a(_exit.o)
 .data          0x00800077        0x0 c:/users/mahmo/downloads/nti_rtos_course/sdk_win_64/sdk_win_64/winavr/bin/../lib/gcc/avr/4.3.3/avr5\libgcc.a(_copy_data.o)
 .data          0x00800077        0x0 c:/users/mahmo/downloads/nti_rtos_course/sdk_win_64/sdk_win_64/winavr/bin/../lib/gcc/avr/4.3.3/avr5\libgcc.a(_clear_bss.o)
 .data          0x00800077        0x0 c:/users/mahmo/downloads/nti_rtos_course/sdk_win_64/sdk_win_64/winavr/bin/../lib/gcc/avr/4.3.3/avr5\libgcc.a(_fixunssfsi.o)
 .data          0x00800077        0x0 c:/users/mahmo/downloads/nti_rtos_course/sdk_win_64/sdk_win_64/winavr/bin/../lib/gcc/avr/4.3.3/avr5\libgcc.a(_addsub_sf.o)
 .data          0x00800077        0x0 c:/users/mahmo/downloads/nti_rtos_course/sdk_win_64/sdk_win_64/winavr/bin/../lib/gcc/avr/4.3.3/avr5\libgcc.a(_mul_sf.o)
 .data          0x00800077        0x0 c:/users/mahmo/downloads/nti_rtos_course/sdk_win_64/sdk_win_64/winavr/bin/../lib/gcc/avr/4.3.3/avr5\libgcc.a(_gt_sf.o)
 .data          0x00800077        0x0 c:/users/mahmo/downloads/nti_rtos_course/sdk_win_64/sdk_win_64/winavr/bin/../lib/gcc/avr/4.3.3/avr5\libgcc.a(_ge_sf.o)
 .data          0x00800077        0x0 c:/users/mahmo/downloads/nti_rtos_course/sdk_win_64/sdk_win_64/winavr/bin/../lib/gcc/avr/4.3.3/avr5\libgcc.a(_lt_sf.o)
 .data          0x00800077        0x0 c:/users/mahmo/downloads/nti_rtos_course/sdk_win_64/sdk_win_64/winavr/bin/../lib/gcc/avr/4.3.3/avr5\libgcc.a(_sf_to_si.o)
 .data          0x00800077        0x8 c:/users/mahmo/downloads/nti_rtos_course/sdk_win_64/sdk_win_64/winavr/bin/../lib/gcc/avr/4.3.3/avr5\libgcc.a(_thenan_sf.o)
                0x00800077                __thenan_sf
 .data          0x0080007f        0x0 c:/users/mahmo/downloads/nti_rtos_course/sdk_win_64/sdk_win_64/winavr/bin/../lib/gcc/avr/4.3.3/avr5\libgcc.a(_udivmodsi4.o)
 .data          0x0080007f        0x0 c:/users/mahmo/downloads/nti_rtos_course/sdk_win_64/sdk_win_64/winavr/bin/../lib/gcc/avr/4.3.3/avr5\libgcc.a(_prologue.o)
 .data          0x0080007f        0x0 c:/users/mahmo/downloads/nti_rtos_course/sdk_win_64/sdk_win_64/winavr/bin/../lib/gcc/avr/4.3.3/avr5\libgcc.a(_epilogue.o)
 .data          0x0080007f        0x0 c:/users/mahmo/downloads/nti_rtos_course/sdk_win_64/sdk_win_64/winavr/bin/../lib/gcc/avr/4.3.3/avr5\libgcc.a(_pack_sf.o)
 .data          0x0080007f        0x0 c:/users/mahmo/downloads/nti_rtos_course/sdk_win_64/sdk_win_64/winavr/bin/../lib/gcc/avr/4.3.3/avr5\libgcc.a(_unpack_sf.o)
 .data          0x0080007f        0x0 c:/users/mahmo/downloads/nti_rtos_course/sdk_win_64/sdk_win_64/winavr/bin/../lib/gcc/avr/4.3.3/avr5\libgcc.a(_fpcmp_parts_sf.o)
 .data          0x0080007f        0x0 c:/users/mahmo/downloads/nti_rtos_course/sdk_win_64/sdk_win_64/winavr/bin/../lib/gcc/avr/4.3.3/../../../../avr/lib/avr5\libc.a(memcpy.o)
 .data          0x0080007f        0x0 c:/users/mahmo/downloads/nti_rtos_course/sdk_win_64/sdk_win_64/winavr/bin/../lib/gcc/avr/4.3.3/../../../../avr/lib/avr5\libc.a(memset.o)
 .data          0x0080007f        0x0 c:/users/mahmo/downloads/nti_rtos_course/sdk_win_64/sdk_win_64/winavr/bin/../lib/gcc/avr/4.3.3/../../../../avr/lib/avr5\libc.a(strncpy.o)
 *(.data*)
 .data.xNextTaskUnblockTime
                0x0080007f        0x2 ./FreeRTOS/tasks.o
 *(.rodata)
 *(.rodata*)
 *(.gnu.linkonce.d*)
                0x00800082                . = ALIGN (0x2)
 *fill*         0x00800081        0x1 00
                0x00800082                _edata = .
                0x00800082                PROVIDE (__data_end, .)

.bss            0x00800082      0x490
                0x00800082                PROVIDE (__bss_start, .)
 *(.bss)
 .bss           0x00800082        0x0 c:/users/mahmo/downloads/nti_rtos_course/sdk_win_64/sdk_win_64/winavr/bin/../lib/gcc/avr/4.3.3/../../../../avr/lib/avr5/crtm32.o
 .bss           0x00800082        0x0 ./UART/UART_Prog.o
 .bss           0x00800082        0x0 ./LCD/LCD_prog.o
 .bss           0x00800082        0x0 ./GIE/GIE_prog.o
 .bss           0x00800082        0x0 ./FreeRTOS/croutine.o
 .bss           0x00800082        0x0 ./FreeRTOS/heap_1.o
 .bss           0x00800082        0x0 ./FreeRTOS/list.o
 .bss           0x00800082        0x0 ./FreeRTOS/port.o
 .bss           0x00800082        0x0 ./FreeRTOS/queue.o
 .bss           0x00800082        0x0 ./FreeRTOS/tasks.o
 .bss           0x00800082        0x0 ./FreeRTOS/timers.o
 .bss           0x00800082        0x0 ./DIO/DIO_prog.o
 .bss           0x00800082        0x0 ./main.o
 .bss           0x00800082        0x0 c:/users/mahmo/downloads/nti_rtos_course/sdk_win_64/sdk_win_64/winavr/bin/../lib/gcc/avr/4.3.3/avr5\libgcc.a(_divmodsi4.o)
 .bss           0x00800082        0x0 c:/users/mahmo/downloads/nti_rtos_course/sdk_win_64/sdk_win_64/winavr/bin/../lib/gcc/avr/4.3.3/avr5\libgcc.a(_exit.o)
 .bss           0x00800082        0x0 c:/users/mahmo/downloads/nti_rtos_course/sdk_win_64/sdk_win_64/winavr/bin/../lib/gcc/avr/4.3.3/avr5\libgcc.a(_copy_data.o)
 .bss           0x00800082        0x0 c:/users/mahmo/downloads/nti_rtos_course/sdk_win_64/sdk_win_64/winavr/bin/../lib/gcc/avr/4.3.3/avr5\libgcc.a(_clear_bss.o)
 .bss           0x00800082        0x0 c:/users/mahmo/downloads/nti_rtos_course/sdk_win_64/sdk_win_64/winavr/bin/../lib/gcc/avr/4.3.3/avr5\libgcc.a(_fixunssfsi.o)
 .bss           0x00800082        0x0 c:/users/mahmo/downloads/nti_rtos_course/sdk_win_64/sdk_win_64/winavr/bin/../lib/gcc/avr/4.3.3/avr5\libgcc.a(_addsub_sf.o)
 .bss           0x00800082        0x0 c:/users/mahmo/downloads/nti_rtos_course/sdk_win_64/sdk_win_64/winavr/bin/../lib/gcc/avr/4.3.3/avr5\libgcc.a(_mul_sf.o)
 .bss           0x00800082        0x0 c:/users/mahmo/downloads/nti_rtos_course/sdk_win_64/sdk_win_64/winavr/bin/../lib/gcc/avr/4.3.3/avr5\libgcc.a(_gt_sf.o)
 .bss           0x00800082        0x0 c:/users/mahmo/downloads/nti_rtos_course/sdk_win_64/sdk_win_64/winavr/bin/../lib/gcc/avr/4.3.3/avr5\libgcc.a(_ge_sf.o)
 .bss           0x00800082        0x0 c:/users/mahmo/downloads/nti_rtos_course/sdk_win_64/sdk_win_64/winavr/bin/../lib/gcc/avr/4.3.3/avr5\libgcc.a(_lt_sf.o)
 .bss           0x00800082        0x0 c:/users/mahmo/downloads/nti_rtos_course/sdk_win_64/sdk_win_64/winavr/bin/../lib/gcc/avr/4.3.3/avr5\libgcc.a(_sf_to_si.o)
 .bss           0x00800082        0x0 c:/users/mahmo/downloads/nti_rtos_course/sdk_win_64/sdk_win_64/winavr/bin/../lib/gcc/avr/4.3.3/avr5\libgcc.a(_thenan_sf.o)
 .bss           0x00800082        0x0 c:/users/mahmo/downloads/nti_rtos_course/sdk_win_64/sdk_win_64/winavr/bin/../lib/gcc/avr/4.3.3/avr5\libgcc.a(_udivmodsi4.o)
 .bss           0x00800082        0x0 c:/users/mahmo/downloads/nti_rtos_course/sdk_win_64/sdk_win_64/winavr/bin/../lib/gcc/avr/4.3.3/avr5\libgcc.a(_prologue.o)
 .bss           0x00800082        0x0 c:/users/mahmo/downloads/nti_rtos_course/sdk_win_64/sdk_win_64/winavr/bin/../lib/gcc/avr/4.3.3/avr5\libgcc.a(_epilogue.o)
 .bss           0x00800082        0x0 c:/users/mahmo/downloads/nti_rtos_course/sdk_win_64/sdk_win_64/winavr/bin/../lib/gcc/avr/4.3.3/avr5\libgcc.a(_pack_sf.o)
 .bss           0x00800082        0x0 c:/users/mahmo/downloads/nti_rtos_course/sdk_win_64/sdk_win_64/winavr/bin/../lib/gcc/avr/4.3.3/avr5\libgcc.a(_unpack_sf.o)
 .bss           0x00800082        0x0 c:/users/mahmo/downloads/nti_rtos_course/sdk_win_64/sdk_win_64/winavr/bin/../lib/gcc/avr/4.3.3/avr5\libgcc.a(_fpcmp_parts_sf.o)
 .bss           0x00800082        0x0 c:/users/mahmo/downloads/nti_rtos_course/sdk_win_64/sdk_win_64/winavr/bin/../lib/gcc/avr/4.3.3/../../../../avr/lib/avr5\libc.a(memcpy.o)
 .bss           0x00800082        0x0 c:/users/mahmo/downloads/nti_rtos_course/sdk_win_64/sdk_win_64/winavr/bin/../lib/gcc/avr/4.3.3/../../../../avr/lib/avr5\libc.a(memset.o)
 .bss           0x00800082        0x0 c:/users/mahmo/downloads/nti_rtos_course/sdk_win_64/sdk_win_64/winavr/bin/../lib/gcc/avr/4.3.3/../../../../avr/lib/avr5\libc.a(strncpy.o)
 *(.bss*)
 .bss.UART_AppFun
                0x00800082        0x2 ./UART/UART_Prog.o
 .bss.pxCurrentCoRoutine
                0x00800084        0x2 ./FreeRTOS/croutine.o
                0x00800084                pxCurrentCoRoutine
 .bss.uxTopCoRoutineReadyPriority
                0x00800086        0x1 ./FreeRTOS/croutine.o
 .bss.xCoRoutineTickCount
                0x00800087        0x2 ./FreeRTOS/croutine.o
 .bss.xLastTickCount
                0x00800089        0x2 ./FreeRTOS/croutine.o
 .bss.xPassedTicks
                0x0080008b        0x2 ./FreeRTOS/croutine.o
 .bss.pxReadyCoRoutineLists
                0x0080008d       0x12 ./FreeRTOS/croutine.o
 .bss.xDelayedCoRoutineList1
                0x0080009f        0x9 ./FreeRTOS/croutine.o
 .bss.xDelayedCoRoutineList2
                0x008000a8        0x9 ./FreeRTOS/croutine.o
 .bss.pxDelayedCoRoutineList
                0x008000b1        0x2 ./FreeRTOS/croutine.o
 .bss.pxOverflowDelayedCoRoutineList
                0x008000b3        0x2 ./FreeRTOS/croutine.o
 .bss.xPendingReadyCoRoutineList
                0x008000b5        0x9 ./FreeRTOS/croutine.o
 .bss.xNextFreeByte
                0x008000be        0x2 ./FreeRTOS/heap_1.o
 .bss.xHeap     0x008000c0      0x3e8 ./FreeRTOS/heap_1.o
 .bss.pxCurrentTCB
                0x008004a8        0x2 ./FreeRTOS/tasks.o
                0x008004a8                pxCurrentTCB
 .bss.uxTasksDeleted
                0x008004aa        0x1 ./FreeRTOS/tasks.o
 .bss.uxCurrentNumberOfTasks
                0x008004ab        0x1 ./FreeRTOS/tasks.o
 .bss.xTickCount
                0x008004ac        0x2 ./FreeRTOS/tasks.o
 .bss.uxTopUsedPriority
                0x008004ae        0x1 ./FreeRTOS/tasks.o
 .bss.uxTopReadyPriority
                0x008004af        0x1 ./FreeRTOS/tasks.o
 .bss.xSchedulerRunning
                0x008004b0        0x1 ./FreeRTOS/tasks.o
 .bss.uxSchedulerSuspended
                0x008004b1        0x1 ./FreeRTOS/tasks.o
 .bss.uxMissedTicks
                0x008004b2        0x1 ./FreeRTOS/tasks.o
 .bss.xMissedYield
                0x008004b3        0x1 ./FreeRTOS/tasks.o
 .bss.xNumOfOverflows
                0x008004b4        0x1 ./FreeRTOS/tasks.o
 .bss.uxTaskNumber
                0x008004b5        0x1 ./FreeRTOS/tasks.o
 .bss.pxReadyTasksLists
                0x008004b6       0x2d ./FreeRTOS/tasks.o
 .bss.xDelayedTaskList1
                0x008004e3        0x9 ./FreeRTOS/tasks.o
 .bss.xDelayedTaskList2
                0x008004ec        0x9 ./FreeRTOS/tasks.o
 .bss.pxDelayedTaskList
                0x008004f5        0x2 ./FreeRTOS/tasks.o
 .bss.pxOverflowDelayedTaskList
                0x008004f7        0x2 ./FreeRTOS/tasks.o
 .bss.xPendingReadyList
                0x008004f9        0x9 ./FreeRTOS/tasks.o
 .bss.xTasksWaitingTermination
                0x00800502        0x9 ./FreeRTOS/tasks.o
 .bss.UART_Semphr
                0x0080050b        0x2 ./main.o
                0x0080050b                UART_Semphr
 .bss.valueRecieved.1545
                0x0080050d        0x1 ./main.o
 *(COMMON)
 COMMON         0x0080050e        0x4 ./main.o
                0x0080050e                UART_LCD_Handler
                0x00800510                ISR_UART_Handler
                0x00800512                PROVIDE (__bss_end, .)
                0x00004990                __data_load_start = LOADADDR (.data)
                0x000049b2                __data_load_end = (__data_load_start + SIZEOF (.data))

.noinit         0x00800512        0x0
                0x00800512                PROVIDE (__noinit_start, .)
 *(.noinit*)
                0x00800512                PROVIDE (__noinit_end, .)
                0x00800512                _end = .
                0x00800512                PROVIDE (__heap_start, .)

.eeprom         0x00810000        0x0
 *(.eeprom*)
                0x00810000                __eeprom_end = .

.fuse
 *(.fuse)
 *(.lfuse)
 *(.hfuse)
 *(.efuse)

.lock
 *(.lock*)

.signature
 *(.signature*)

.stab           0x00000000     0x62ac
 *(.stab)
 .stab          0x00000000      0x3a8 ./UART/UART_Prog.o
 .stab          0x000003a8      0xe28 ./LCD/LCD_prog.o
                                0xe34 (size before relaxing)
 .stab          0x000011d0      0x240 ./GIE/GIE_prog.o
                                0x24c (size before relaxing)
 .stab          0x00001410      0x9b4 ./FreeRTOS/croutine.o
                                0xb40 (size before relaxing)
 .stab          0x00001dc4      0x354 ./FreeRTOS/heap_1.o
                                0x624 (size before relaxing)
 .stab          0x00002118      0x474 ./FreeRTOS/list.o
                                0x750 (size before relaxing)
 .stab          0x0000258c      0x840 ./FreeRTOS/port.o
                                0xb70 (size before relaxing)
 .stab          0x00002dcc     0x108c ./FreeRTOS/queue.o
                               0x13c8 (size before relaxing)
 .stab          0x00003e58     0x1740 ./FreeRTOS/tasks.o
                               0x1998 (size before relaxing)
 .stab          0x00005598      0x1c8 ./FreeRTOS/timers.o
                                0x4c8 (size before relaxing)
 .stab          0x00005760      0x600 ./DIO/DIO_prog.o
                                0x60c (size before relaxing)
 .stab          0x00005d60      0x54c ./main.o
                                0x864 (size before relaxing)

.stabstr        0x00000000     0x364d
 *(.stabstr)
 .stabstr       0x00000000     0x364d ./UART/UART_Prog.o

.stab.excl
 *(.stab.excl)

.stab.exclstr
 *(.stab.exclstr)

.stab.index
 *(.stab.index)

.stab.indexstr
 *(.stab.indexstr)

.comment
 *(.comment)

.debug
 *(.debug)

.line
 *(.line)

.debug_srcinfo
 *(.debug_srcinfo)

.debug_sfnames
 *(.debug_sfnames)

.debug_aranges  0x00000000      0x140
 *(.debug_aranges)
 .debug_aranges
                0x00000000       0x20 c:/users/mahmo/downloads/nti_rtos_course/sdk_win_64/sdk_win_64/winavr/bin/../lib/gcc/avr/4.3.3/avr5\libgcc.a(_fixunssfsi.o)
 .debug_aranges
                0x00000020       0x20 c:/users/mahmo/downloads/nti_rtos_course/sdk_win_64/sdk_win_64/winavr/bin/../lib/gcc/avr/4.3.3/avr5\libgcc.a(_addsub_sf.o)
 .debug_aranges
                0x00000040       0x20 c:/users/mahmo/downloads/nti_rtos_course/sdk_win_64/sdk_win_64/winavr/bin/../lib/gcc/avr/4.3.3/avr5\libgcc.a(_mul_sf.o)
 .debug_aranges
                0x00000060       0x20 c:/users/mahmo/downloads/nti_rtos_course/sdk_win_64/sdk_win_64/winavr/bin/../lib/gcc/avr/4.3.3/avr5\libgcc.a(_gt_sf.o)
 .debug_aranges
                0x00000080       0x20 c:/users/mahmo/downloads/nti_rtos_course/sdk_win_64/sdk_win_64/winavr/bin/../lib/gcc/avr/4.3.3/avr5\libgcc.a(_ge_sf.o)
 .debug_aranges
                0x000000a0       0x20 c:/users/mahmo/downloads/nti_rtos_course/sdk_win_64/sdk_win_64/winavr/bin/../lib/gcc/avr/4.3.3/avr5\libgcc.a(_lt_sf.o)
 .debug_aranges
                0x000000c0       0x20 c:/users/mahmo/downloads/nti_rtos_course/sdk_win_64/sdk_win_64/winavr/bin/../lib/gcc/avr/4.3.3/avr5\libgcc.a(_sf_to_si.o)
 .debug_aranges
                0x000000e0       0x20 c:/users/mahmo/downloads/nti_rtos_course/sdk_win_64/sdk_win_64/winavr/bin/../lib/gcc/avr/4.3.3/avr5\libgcc.a(_pack_sf.o)
 .debug_aranges
                0x00000100       0x20 c:/users/mahmo/downloads/nti_rtos_course/sdk_win_64/sdk_win_64/winavr/bin/../lib/gcc/avr/4.3.3/avr5\libgcc.a(_unpack_sf.o)
 .debug_aranges
                0x00000120       0x20 c:/users/mahmo/downloads/nti_rtos_course/sdk_win_64/sdk_win_64/winavr/bin/../lib/gcc/avr/4.3.3/avr5\libgcc.a(_fpcmp_parts_sf.o)

.debug_pubnames
                0x00000000      0x170
 *(.debug_pubnames)
 .debug_pubnames
                0x00000000       0x23 c:/users/mahmo/downloads/nti_rtos_course/sdk_win_64/sdk_win_64/winavr/bin/../lib/gcc/avr/4.3.3/avr5\libgcc.a(_fixunssfsi.o)
 .debug_pubnames
                0x00000023       0x2c c:/users/mahmo/downloads/nti_rtos_course/sdk_win_64/sdk_win_64/winavr/bin/../lib/gcc/avr/4.3.3/avr5\libgcc.a(_addsub_sf.o)
 .debug_pubnames
                0x0000004f       0x1f c:/users/mahmo/downloads/nti_rtos_course/sdk_win_64/sdk_win_64/winavr/bin/../lib/gcc/avr/4.3.3/avr5\libgcc.a(_mul_sf.o)
 .debug_pubnames
                0x0000006e       0x1e c:/users/mahmo/downloads/nti_rtos_course/sdk_win_64/sdk_win_64/winavr/bin/../lib/gcc/avr/4.3.3/avr5\libgcc.a(_gt_sf.o)
 .debug_pubnames
                0x0000008c       0x1e c:/users/mahmo/downloads/nti_rtos_course/sdk_win_64/sdk_win_64/winavr/bin/../lib/gcc/avr/4.3.3/avr5\libgcc.a(_ge_sf.o)
 .debug_pubnames
                0x000000aa       0x1e c:/users/mahmo/downloads/nti_rtos_course/sdk_win_64/sdk_win_64/winavr/bin/../lib/gcc/avr/4.3.3/avr5\libgcc.a(_lt_sf.o)
 .debug_pubnames
                0x000000c8       0x20 c:/users/mahmo/downloads/nti_rtos_course/sdk_win_64/sdk_win_64/winavr/bin/../lib/gcc/avr/4.3.3/avr5\libgcc.a(_sf_to_si.o)
 .debug_pubnames
                0x000000e8       0x22 c:/users/mahmo/downloads/nti_rtos_course/sdk_win_64/sdk_win_64/winavr/bin/../lib/gcc/avr/4.3.3/avr5\libgcc.a(_thenan_sf.o)
 .debug_pubnames
                0x0000010a       0x1f c:/users/mahmo/downloads/nti_rtos_course/sdk_win_64/sdk_win_64/winavr/bin/../lib/gcc/avr/4.3.3/avr5\libgcc.a(_pack_sf.o)
 .debug_pubnames
                0x00000129       0x21 c:/users/mahmo/downloads/nti_rtos_course/sdk_win_64/sdk_win_64/winavr/bin/../lib/gcc/avr/4.3.3/avr5\libgcc.a(_unpack_sf.o)
 .debug_pubnames
                0x0000014a       0x26 c:/users/mahmo/downloads/nti_rtos_course/sdk_win_64/sdk_win_64/winavr/bin/../lib/gcc/avr/4.3.3/avr5\libgcc.a(_fpcmp_parts_sf.o)

.debug_info     0x00000000     0x1c49
 *(.debug_info)
 .debug_info    0x00000000       0xb1 c:/users/mahmo/downloads/nti_rtos_course/sdk_win_64/sdk_win_64/winavr/bin/../lib/gcc/avr/4.3.3/avr5\libgcc.a(_fixunssfsi.o)
 .debug_info    0x000000b1      0x47a c:/users/mahmo/downloads/nti_rtos_course/sdk_win_64/sdk_win_64/winavr/bin/../lib/gcc/avr/4.3.3/avr5\libgcc.a(_addsub_sf.o)
 .debug_info    0x0000052b      0x485 c:/users/mahmo/downloads/nti_rtos_course/sdk_win_64/sdk_win_64/winavr/bin/../lib/gcc/avr/4.3.3/avr5\libgcc.a(_mul_sf.o)
 .debug_info    0x000009b0      0x27f c:/users/mahmo/downloads/nti_rtos_course/sdk_win_64/sdk_win_64/winavr/bin/../lib/gcc/avr/4.3.3/avr5\libgcc.a(_gt_sf.o)
 .debug_info    0x00000c2f      0x27f c:/users/mahmo/downloads/nti_rtos_course/sdk_win_64/sdk_win_64/winavr/bin/../lib/gcc/avr/4.3.3/avr5\libgcc.a(_ge_sf.o)
 .debug_info    0x00000eae      0x27f c:/users/mahmo/downloads/nti_rtos_course/sdk_win_64/sdk_win_64/winavr/bin/../lib/gcc/avr/4.3.3/avr5\libgcc.a(_lt_sf.o)
 .debug_info    0x0000112d      0x2b0 c:/users/mahmo/downloads/nti_rtos_course/sdk_win_64/sdk_win_64/winavr/bin/../lib/gcc/avr/4.3.3/avr5\libgcc.a(_sf_to_si.o)
 .debug_info    0x000013dd      0x12c c:/users/mahmo/downloads/nti_rtos_course/sdk_win_64/sdk_win_64/winavr/bin/../lib/gcc/avr/4.3.3/avr5\libgcc.a(_thenan_sf.o)
 .debug_info    0x00001509      0x2df c:/users/mahmo/downloads/nti_rtos_course/sdk_win_64/sdk_win_64/winavr/bin/../lib/gcc/avr/4.3.3/avr5\libgcc.a(_pack_sf.o)
 .debug_info    0x000017e8      0x251 c:/users/mahmo/downloads/nti_rtos_course/sdk_win_64/sdk_win_64/winavr/bin/../lib/gcc/avr/4.3.3/avr5\libgcc.a(_unpack_sf.o)
 .debug_info    0x00001a39      0x210 c:/users/mahmo/downloads/nti_rtos_course/sdk_win_64/sdk_win_64/winavr/bin/../lib/gcc/avr/4.3.3/avr5\libgcc.a(_fpcmp_parts_sf.o)
 *(.gnu.linkonce.wi.*)

.debug_abbrev   0x00000000      0xeeb
 *(.debug_abbrev)
 .debug_abbrev  0x00000000       0x5d c:/users/mahmo/downloads/nti_rtos_course/sdk_win_64/sdk_win_64/winavr/bin/../lib/gcc/avr/4.3.3/avr5\libgcc.a(_fixunssfsi.o)
 .debug_abbrev  0x0000005d      0x1ea c:/users/mahmo/downloads/nti_rtos_course/sdk_win_64/sdk_win_64/winavr/bin/../lib/gcc/avr/4.3.3/avr5\libgcc.a(_addsub_sf.o)
 .debug_abbrev  0x00000247      0x21b c:/users/mahmo/downloads/nti_rtos_course/sdk_win_64/sdk_win_64/winavr/bin/../lib/gcc/avr/4.3.3/avr5\libgcc.a(_mul_sf.o)
 .debug_abbrev  0x00000462      0x15a c:/users/mahmo/downloads/nti_rtos_course/sdk_win_64/sdk_win_64/winavr/bin/../lib/gcc/avr/4.3.3/avr5\libgcc.a(_gt_sf.o)
 .debug_abbrev  0x000005bc      0x15a c:/users/mahmo/downloads/nti_rtos_course/sdk_win_64/sdk_win_64/winavr/bin/../lib/gcc/avr/4.3.3/avr5\libgcc.a(_ge_sf.o)
 .debug_abbrev  0x00000716      0x15a c:/users/mahmo/downloads/nti_rtos_course/sdk_win_64/sdk_win_64/winavr/bin/../lib/gcc/avr/4.3.3/avr5\libgcc.a(_lt_sf.o)
 .debug_abbrev  0x00000870      0x17f c:/users/mahmo/downloads/nti_rtos_course/sdk_win_64/sdk_win_64/winavr/bin/../lib/gcc/avr/4.3.3/avr5\libgcc.a(_sf_to_si.o)
 .debug_abbrev  0x000009ef       0xad c:/users/mahmo/downloads/nti_rtos_course/sdk_win_64/sdk_win_64/winavr/bin/../lib/gcc/avr/4.3.3/avr5\libgcc.a(_thenan_sf.o)
 .debug_abbrev  0x00000a9c      0x1c0 c:/users/mahmo/downloads/nti_rtos_course/sdk_win_64/sdk_win_64/winavr/bin/../lib/gcc/avr/4.3.3/avr5\libgcc.a(_pack_sf.o)
 .debug_abbrev  0x00000c5c      0x154 c:/users/mahmo/downloads/nti_rtos_course/sdk_win_64/sdk_win_64/winavr/bin/../lib/gcc/avr/4.3.3/avr5\libgcc.a(_unpack_sf.o)
 .debug_abbrev  0x00000db0      0x13b c:/users/mahmo/downloads/nti_rtos_course/sdk_win_64/sdk_win_64/winavr/bin/../lib/gcc/avr/4.3.3/avr5\libgcc.a(_fpcmp_parts_sf.o)

.debug_line     0x00000000      0xdad
 *(.debug_line)
 .debug_line    0x00000000       0xa7 c:/users/mahmo/downloads/nti_rtos_course/sdk_win_64/sdk_win_64/winavr/bin/../lib/gcc/avr/4.3.3/avr5\libgcc.a(_fixunssfsi.o)
 .debug_line    0x000000a7      0x2af c:/users/mahmo/downloads/nti_rtos_course/sdk_win_64/sdk_win_64/winavr/bin/../lib/gcc/avr/4.3.3/avr5\libgcc.a(_addsub_sf.o)
 .debug_line    0x00000356      0x239 c:/users/mahmo/downloads/nti_rtos_course/sdk_win_64/sdk_win_64/winavr/bin/../lib/gcc/avr/4.3.3/avr5\libgcc.a(_mul_sf.o)
 .debug_line    0x0000058f       0xd3 c:/users/mahmo/downloads/nti_rtos_course/sdk_win_64/sdk_win_64/winavr/bin/../lib/gcc/avr/4.3.3/avr5\libgcc.a(_gt_sf.o)
 .debug_line    0x00000662       0xd3 c:/users/mahmo/downloads/nti_rtos_course/sdk_win_64/sdk_win_64/winavr/bin/../lib/gcc/avr/4.3.3/avr5\libgcc.a(_ge_sf.o)
 .debug_line    0x00000735       0xd3 c:/users/mahmo/downloads/nti_rtos_course/sdk_win_64/sdk_win_64/winavr/bin/../lib/gcc/avr/4.3.3/avr5\libgcc.a(_lt_sf.o)
 .debug_line    0x00000808      0x109 c:/users/mahmo/downloads/nti_rtos_course/sdk_win_64/sdk_win_64/winavr/bin/../lib/gcc/avr/4.3.3/avr5\libgcc.a(_sf_to_si.o)
 .debug_line    0x00000911       0x90 c:/users/mahmo/downloads/nti_rtos_course/sdk_win_64/sdk_win_64/winavr/bin/../lib/gcc/avr/4.3.3/avr5\libgcc.a(_thenan_sf.o)
 .debug_line    0x000009a1      0x18a c:/users/mahmo/downloads/nti_rtos_course/sdk_win_64/sdk_win_64/winavr/bin/../lib/gcc/avr/4.3.3/avr5\libgcc.a(_pack_sf.o)
 .debug_line    0x00000b2b      0x14b c:/users/mahmo/downloads/nti_rtos_course/sdk_win_64/sdk_win_64/winavr/bin/../lib/gcc/avr/4.3.3/avr5\libgcc.a(_unpack_sf.o)
 .debug_line    0x00000c76      0x137 c:/users/mahmo/downloads/nti_rtos_course/sdk_win_64/sdk_win_64/winavr/bin/../lib/gcc/avr/4.3.3/avr5\libgcc.a(_fpcmp_parts_sf.o)

.debug_frame    0x00000000      0x160
 *(.debug_frame)
 .debug_frame   0x00000000       0x20 c:/users/mahmo/downloads/nti_rtos_course/sdk_win_64/sdk_win_64/winavr/bin/../lib/gcc/avr/4.3.3/avr5\libgcc.a(_fixunssfsi.o)
 .debug_frame   0x00000020       0x40 c:/users/mahmo/downloads/nti_rtos_course/sdk_win_64/sdk_win_64/winavr/bin/../lib/gcc/avr/4.3.3/avr5\libgcc.a(_addsub_sf.o)
 .debug_frame   0x00000060       0x20 c:/users/mahmo/downloads/nti_rtos_course/sdk_win_64/sdk_win_64/winavr/bin/../lib/gcc/avr/4.3.3/avr5\libgcc.a(_mul_sf.o)
 .debug_frame   0x00000080       0x20 c:/users/mahmo/downloads/nti_rtos_course/sdk_win_64/sdk_win_64/winavr/bin/../lib/gcc/avr/4.3.3/avr5\libgcc.a(_gt_sf.o)
 .debug_frame   0x000000a0       0x20 c:/users/mahmo/downloads/nti_rtos_course/sdk_win_64/sdk_win_64/winavr/bin/../lib/gcc/avr/4.3.3/avr5\libgcc.a(_ge_sf.o)
 .debug_frame   0x000000c0       0x20 c:/users/mahmo/downloads/nti_rtos_course/sdk_win_64/sdk_win_64/winavr/bin/../lib/gcc/avr/4.3.3/avr5\libgcc.a(_lt_sf.o)
 .debug_frame   0x000000e0       0x20 c:/users/mahmo/downloads/nti_rtos_course/sdk_win_64/sdk_win_64/winavr/bin/../lib/gcc/avr/4.3.3/avr5\libgcc.a(_sf_to_si.o)
 .debug_frame   0x00000100       0x20 c:/users/mahmo/downloads/nti_rtos_course/sdk_win_64/sdk_win_64/winavr/bin/../lib/gcc/avr/4.3.3/avr5\libgcc.a(_pack_sf.o)
 .debug_frame   0x00000120       0x20 c:/users/mahmo/downloads/nti_rtos_course/sdk_win_64/sdk_win_64/winavr/bin/../lib/gcc/avr/4.3.3/avr5\libgcc.a(_unpack_sf.o)
 .debug_frame   0x00000140       0x20 c:/users/mahmo/downloads/nti_rtos_course/sdk_win_64/sdk_win_64/winavr/bin/../lib/gcc/avr/4.3.3/avr5\libgcc.a(_fpcmp_parts_sf.o)

.debug_str      0x00000000      0x28d
 *(.debug_str)
 .debug_str     0x00000000       0xbf c:/users/mahmo/downloads/nti_rtos_course/sdk_win_64/sdk_win_64/winavr/bin/../lib/gcc/avr/4.3.3/avr5\libgcc.a(_fixunssfsi.o)
                                 0xfe (size before relaxing)
 .debug_str     0x000000bf      0x14d c:/users/mahmo/downloads/nti_rtos_course/sdk_win_64/sdk_win_64/winavr/bin/../lib/gcc/avr/4.3.3/avr5\libgcc.a(_addsub_sf.o)
                                0x206 (size before relaxing)
 .debug_str     0x0000020c       0x27 c:/users/mahmo/downloads/nti_rtos_course/sdk_win_64/sdk_win_64/winavr/bin/../lib/gcc/avr/4.3.3/avr5\libgcc.a(_mul_sf.o)
                                0x1bf (size before relaxing)
 .debug_str     0x00000233        0xf c:/users/mahmo/downloads/nti_rtos_course/sdk_win_64/sdk_win_64/winavr/bin/../lib/gcc/avr/4.3.3/avr5\libgcc.a(_gt_sf.o)
                                0x195 (size before relaxing)
 .debug_str     0x00000242        0x8 c:/users/mahmo/downloads/nti_rtos_course/sdk_win_64/sdk_win_64/winavr/bin/../lib/gcc/avr/4.3.3/avr5\libgcc.a(_ge_sf.o)
                                0x195 (size before relaxing)
 .debug_str     0x0000024a        0x8 c:/users/mahmo/downloads/nti_rtos_course/sdk_win_64/sdk_win_64/winavr/bin/../lib/gcc/avr/4.3.3/avr5\libgcc.a(_lt_sf.o)
                                0x195 (size before relaxing)
 .debug_str     0x00000252        0xa c:/users/mahmo/downloads/nti_rtos_course/sdk_win_64/sdk_win_64/winavr/bin/../lib/gcc/avr/4.3.3/avr5\libgcc.a(_sf_to_si.o)
                                0x19e (size before relaxing)
 .debug_str     0x00000000      0x103 c:/users/mahmo/downloads/nti_rtos_course/sdk_win_64/sdk_win_64/winavr/bin/../lib/gcc/avr/4.3.3/avr5\libgcc.a(_thenan_sf.o)
 .debug_str     0x0000025c       0x16 c:/users/mahmo/downloads/nti_rtos_course/sdk_win_64/sdk_win_64/winavr/bin/../lib/gcc/avr/4.3.3/avr5\libgcc.a(_pack_sf.o)
                                0x19d (size before relaxing)
 .debug_str     0x00000272        0xb c:/users/mahmo/downloads/nti_rtos_course/sdk_win_64/sdk_win_64/winavr/bin/../lib/gcc/avr/4.3.3/avr5\libgcc.a(_unpack_sf.o)
                                0x17f (size before relaxing)
 .debug_str     0x0000027d       0x10 c:/users/mahmo/downloads/nti_rtos_course/sdk_win_64/sdk_win_64/winavr/bin/../lib/gcc/avr/4.3.3/avr5\libgcc.a(_fpcmp_parts_sf.o)
                                0x163 (size before relaxing)

.debug_loc      0x00000000      0x7ce
 *(.debug_loc)
 .debug_loc     0x00000000       0x34 c:/users/mahmo/downloads/nti_rtos_course/sdk_win_64/sdk_win_64/winavr/bin/../lib/gcc/avr/4.3.3/avr5\libgcc.a(_fixunssfsi.o)
 .debug_loc     0x00000034      0x32a c:/users/mahmo/downloads/nti_rtos_course/sdk_win_64/sdk_win_64/winavr/bin/../lib/gcc/avr/4.3.3/avr5\libgcc.a(_addsub_sf.o)
 .debug_loc     0x0000035e      0x104 c:/users/mahmo/downloads/nti_rtos_course/sdk_win_64/sdk_win_64/winavr/bin/../lib/gcc/avr/4.3.3/avr5\libgcc.a(_mul_sf.o)
 .debug_loc     0x00000462       0x3c c:/users/mahmo/downloads/nti_rtos_course/sdk_win_64/sdk_win_64/winavr/bin/../lib/gcc/avr/4.3.3/avr5\libgcc.a(_gt_sf.o)
 .debug_loc     0x0000049e       0x3c c:/users/mahmo/downloads/nti_rtos_course/sdk_win_64/sdk_win_64/winavr/bin/../lib/gcc/avr/4.3.3/avr5\libgcc.a(_ge_sf.o)
 .debug_loc     0x000004da       0x3c c:/users/mahmo/downloads/nti_rtos_course/sdk_win_64/sdk_win_64/winavr/bin/../lib/gcc/avr/4.3.3/avr5\libgcc.a(_lt_sf.o)
 .debug_loc     0x00000516       0x7e c:/users/mahmo/downloads/nti_rtos_course/sdk_win_64/sdk_win_64/winavr/bin/../lib/gcc/avr/4.3.3/avr5\libgcc.a(_sf_to_si.o)
 .debug_loc     0x00000594      0x13e c:/users/mahmo/downloads/nti_rtos_course/sdk_win_64/sdk_win_64/winavr/bin/../lib/gcc/avr/4.3.3/avr5\libgcc.a(_pack_sf.o)
 .debug_loc     0x000006d2       0xac c:/users/mahmo/downloads/nti_rtos_course/sdk_win_64/sdk_win_64/winavr/bin/../lib/gcc/avr/4.3.3/avr5\libgcc.a(_unpack_sf.o)
 .debug_loc     0x0000077e       0x50 c:/users/mahmo/downloads/nti_rtos_course/sdk_win_64/sdk_win_64/winavr/bin/../lib/gcc/avr/4.3.3/avr5\libgcc.a(_fpcmp_parts_sf.o)

.debug_macinfo
 *(.debug_macinfo)
OUTPUT(RTOS_UART.elf elf32-avr)
LOAD linker stubs

.debug_ranges   0x00000000       0x50
 .debug_ranges  0x00000000       0x50 c:/users/mahmo/downloads/nti_rtos_course/sdk_win_64/sdk_win_64/winavr/bin/../lib/gcc/avr/4.3.3/avr5\libgcc.a(_mul_sf.o)
